eudpoll-std@DESKTOP-11VCUO5 MINGW64 /f/수업/인력개발원수업/수업2-web/basic09-vcs (master)
$ git status
On branch master

No commits yet

Untracked files:
  (use "git add <file>..." to include in what will be committed)
        .classpath
        .project
        .settings/
        build/
        src/

nothing added to commit but untracked files present (use "git add" to track)

eudpoll-std@DESKTOP-11VCUO5 MINGW64 /f/수업/인력개발원수업/수업2-web/basic09-vcs (master)
$ ^V
bash: $'\026': command not found

eudpoll-std@DESKTOP-11VCUO5 MINGW64 /f/수업/인력개발원수업/수업2-web/basic09-vcs (master)
$ git remote add origin https://gitjub.com/jiny05/git-tutorial.git

eudpoll-std@DESKTOP-11VCUO5 MINGW64 /f/수업/인력개발원수업/수업2-web/basic09-vcs (master)
$ git remote -v
origin  https://gitjub.com/jiny05/git-tutorial.git (fetch)
origin  https://gitjub.com/jiny05/git-tutorial.git (push)

eudpoll-std@DESKTOP-11VCUO5 MINGW64 /f/수업/인력개발원수업/수업2-web/basic09-vcs (master)
$ git push origin master
error: src refspec master does not match any
error: failed to push some refs to 'https://gitjub.com/jiny05/git-tutorial.git'

eudpoll-std@DESKTOP-11VCUO5 MINGW64 /f/수업/인력개발원수업/수업2-web/basic09-vcs (master)
$ git push origin master
error: src refspec master does not match any
error: failed to push some refs to 'https://gitjub.com/jiny05/git-tutorial.git'

eudpoll-std@DESKTOP-11VCUO5 MINGW64 /f/수업/인력개발원수업/수업2-web/basic09-vcs (master)
$ git push origin master
error: src refspec master does not match any
error: failed to push some refs to 'https://gitjub.com/jiny05/git-tutorial.git'

eudpoll-std@DESKTOP-11VCUO5 MINGW64 /f/수업/인력개발원수업/수업2-web/basic09-vcs (master)
$ ^C

eudpoll-std@DESKTOP-11VCUO5 MINGW64 /f/수업/인력개발원수업/수업2-web/basic09-vcs (master)
$ ^C

eudpoll-std@DESKTOP-11VCUO5 MINGW64 /f/수업/인력개발원수업/수업2-web/basic09-vcs (master)
$ git init
Reinitialized existing Git repository in F:/수업/인력개발원수업/수업2-web/basic09-vcs/.git/

eudpoll-std@DESKTOP-11VCUO5 MINGW64 /f/수업/인력개발원수업/수업2-web/basic09-vcs (master)
$ git add
Nothing specified, nothing added.
hint: Maybe you wanted to say 'git add .'?
hint: Turn this message off by running
hint: "git config advice.addEmptyPathspec false"

eudpoll-std@DESKTOP-11VCUO5 MINGW64 /f/수업/인력개발원수업/수업2-web/basic09-vcs (master)
$ git commit -m "message"
Author identity unknown

*** Please tell me who you are.

Run

  git config --global user.email "you@example.com"
  git config --global user.name "Your Name"

to set your account's default identity.
Omit --global to set the identity only in this repository.

fatal: unable to auto-detect email address (got 'eudpoll-std@DESKTOP-11VCUO5.(none)')

eudpoll-std@DESKTOP-11VCUO5 MINGW64 /f/수업/인력개발원수업/수업2-web/basic09-vcs (master)
$ git remote add origin "github.com/jiny05/git-tutorial.git
> git push -u origin master
>
> git remote add origin "github.com/jiny05/git-tutorial.git
git push -u origin master
error: remote origin already exists.
error: src refspec master does not match any
error: failed to push some refs to 'https://gitjub.com/jiny05/git-tutorial.git'

eudpoll-std@DESKTOP-11VCUO5 MINGW64 /f/수업/인력개발원수업/수업2-web/basic09-vcs (master)
$ git checkout -b 'master'
Switched to a new branch 'master'

eudpoll-std@DESKTOP-11VCUO5 MINGW64 /f/수업/인력개발원수업/수업2-web/basic09-vcs (master)
$ git push origin master
error: src refspec master does not match any
error: failed to push some refs to 'https://gitjub.com/jiny05/git-tutorial.git'

eudpoll-std@DESKTOP-11VCUO5 MINGW64 /f/수업/인력개발원수업/수업2-web/basic09-vcs (master)
$ git push -u origin master
error: src refspec master does not match any
error: failed to push some refs to 'https://gitjub.com/jiny05/git-tutorial.git'

eudpoll-std@DESKTOP-11VCUO5 MINGW64 /f/수업/인력개발원수업/수업2-web/basic09-vcs (master)
$ git log
fatal: your current branch 'master' does not have any commits yet

eudpoll-std@DESKTOP-11VCUO5 MINGW64 /f/수업/인력개발원수업/수업2-web/basic09-vcs (master)
$ git status
On branch master

No commits yet

Untracked files:
  (use "git add <file>..." to include in what will be committed)
        .classpath
        .project
        .settings/
        build/
        src/

nothing added to commit but untracked files present (use "git add" to track)

eudpoll-std@DESKTOP-11VCUO5 MINGW64 /f/수업/인력개발원수업/수업2-web/basic09-vcs (master)
$ git add .

eudpoll-std@DESKTOP-11VCUO5 MINGW64 /f/수업/인력개발원수업/수업2-web/basic09-vcs (master)
$ git status
On branch master

No commits yet

Changes to be committed:
  (use "git rm --cached <file>..." to unstage)
        new file:   .classpath
        new file:   .project
        new file:   .settings/.jsdtscope
        new file:   .settings/org.eclipse.core.resources.prefs
        new file:   .settings/org.eclipse.jdt.core.prefs
        new file:   .settings/org.eclipse.wst.common.component
        new file:   .settings/org.eclipse.wst.common.project.facet.core.xml
        new file:   .settings/org.eclipse.wst.jsdt.ui.superType.container
        new file:   .settings/org.eclipse.wst.jsdt.ui.superType.name
        new file:   build/classes/dao/Users.class
        new file:   src/main/java/dao/Users.java
        new file:   src/main/webapp/META-INF/MANIFEST.MF
        new file:   src/main/webapp/WEB-INF/lib/jsp-api.jar
        new file:   src/main/webapp/WEB-INF/lib/servlet-api.jar
        new file:   src/main/webapp/flow/login-test.jsp
        new file:   src/main/webapp/flow/loin.jsp
        new file:   src/main/webapp/index.jsp


eudpoll-std@DESKTOP-11VCUO5 MINGW64 /f/수업/인력개발원수업/수업2-web/basic09-vcs (master)
$ git commit
Author identity unknown

*** Please tell me who you are.

Run

  git config --global user.email "you@example.com"
  git config --global user.name "Your Name"

to set your account's default identity.
Omit --global to set the identity only in this repository.

fatal: unable to auto-detect email address (got 'eudpoll-std@DESKTOP-11VCUO5.(none)')

eudpoll-std@DESKTOP-11VCUO5 MINGW64 /f/수업/인력개발원수업/수업2-web/basic09-vcs (master)
$ ^C

eudpoll-std@DESKTOP-11VCUO5 MINGW64 /f/수업/인력개발원수업/수업2-web/basic09-vcs (master)
$ git config --global user.email "alice112411@gmail.com"

eudpoll-std@DESKTOP-11VCUO5 MINGW64 /f/수업/인력개발원수업/수업2-web/basic09-vcs (master)
$ git config --global user.name "jiny05"

eudpoll-std@DESKTOP-11VCUO5 MINGW64 /f/수업/인력개발원수업/수업2-web/basic09-vcs (master)
$ git commit -m "초기화"
[master (root-commit) 6fc714a] 초기화
 17 files changed, 126 insertions(+)
 create mode 100644 .classpath
 create mode 100644 .project
 create mode 100644 .settings/.jsdtscope
 create mode 100644 .settings/org.eclipse.core.resources.prefs
 create mode 100644 .settings/org.eclipse.jdt.core.prefs
 create mode 100644 .settings/org.eclipse.wst.common.component
 create mode 100644 .settings/org.eclipse.wst.common.project.facet.core.xml
 create mode 100644 .settings/org.eclipse.wst.jsdt.ui.superType.container
 create mode 100644 .settings/org.eclipse.wst.jsdt.ui.superType.name
 create mode 100644 build/classes/dao/Users.class
 create mode 100644 src/main/java/dao/Users.java
 create mode 100644 src/main/webapp/META-INF/MANIFEST.MF
 create mode 100644 src/main/webapp/WEB-INF/lib/jsp-api.jar
 create mode 100644 src/main/webapp/WEB-INF/lib/servlet-api.jar
 create mode 100644 src/main/webapp/flow/login-test.jsp
 create mode 100644 src/main/webapp/flow/loin.jsp
 create mode 100644 src/main/webapp/index.jsp

eudpoll-std@DESKTOP-11VCUO5 MINGW64 /f/수업/인력개발원수업/수업2-web/basic09-vcs (master)
$ git push -u origin master
fatal: unable to update url base from redirection:
  asked for: https://gitjub.com/jiny05/git-tutorial.git/info/refs?service=git-receive-pack
   redirect: http://ww25.gitjub.com/jiny05/git-tutorial.git/info/refs?service=git-receive-pack&subid1=20230403-1418-0481-91b3-04067ef2f79b

eudpoll-std@DESKTOP-11VCUO5 MINGW64 /f/수업/인력개발원수업/수업2-web/basic09-vcs (master)
$ git remote add origin https://github.com/jiny05/git-tutorial.git
error: remote origin already exists.

eudpoll-std@DESKTOP-11VCUO5 MINGW64 /f/수업/인력개발원수업/수업2-web/basic09-vcs (master)
$ git remote remove origin

eudpoll-std@DESKTOP-11VCUO5 MINGW64 /f/수업/인력개발원수업/수업2-web/basic09-vcs (master)
$ git remote add origin https://github.com/jiny05/git-tutorial.git

eudpoll-std@DESKTOP-11VCUO5 MINGW64 /f/수업/인력개발원수업/수업2-web/basic09-vcs (master)
$ git push -u origin master
Enumerating objects: 32, done.
Counting objects: 100% (32/32), done.
Delta compression using up to 6 threads
Compressing objects: 100% (20/20), done.
Writing objects: 100% (32/32), 316.90 KiB | 19.81 MiB/s, done.
Total 32 (delta 2), reused 0 (delta 0), pack-reused 0
remote: Resolving deltas: 100% (2/2), done.
To https://github.com/jiny05/git-tutorial.git
 * [new branch]      master -> master
branch 'master' set up to track 'origin/master'.

eudpoll-std@DESKTOP-11VCUO5 MINGW64 /f/수업/인력개발원수업/수업2-web/basic09-vcs (master)
$ ^C

eudpoll-std@DESKTOP-11VCUO5 MINGW64 /f/수업/인력개발원수업/수업2-web/basic09-vcs (master)
$ mv git-tutorial/
mv: missing destination file operand after 'git-tutorial/'
Try 'mv --help' for more information.

eudpoll-std@DESKTOP-11VCUO5 MINGW64 /f/수업/인력개발원수업/수업2-web/basic09-vcs (master)
$ cd git-tutorial/
bash: cd: git-tutorial/: No such file or directory

eudpoll-std@DESKTOP-11VCUO5 MINGW64 /f/수업/인력개발원수업/수업2-web/basic09-vcs (master)
$ git log --oneline
6fc714a (HEAD -> master, origin/master) 초기화

eudpoll-std@DESKTOP-11VCUO5 MINGW64 /f/수업/인력개발원수업/수업2-web/basic09-vcs (master)
$ git status
On branch master
Your branch is up to date with 'origin/master'.

nothing to commit, working tree clean

eudpoll-std@DESKTOP-11VCUO5 MINGW64 /f/수업/인력개발원수업/수업2-web/basic09-vcs (master)
$ git daa.
git: 'daa.' is not a git command. See 'git --help'.

The most similar command is
        add

eudpoll-std@DESKTOP-11VCUO5 MINGW64 /f/수업/인력개발원수업/수업2-web/basic09-vcs (master)
$ git add.
git: 'add.' is not a git command. See 'git --help'.

The most similar command is
        add

eudpoll-std@DESKTOP-11VCUO5 MINGW64 /f/수업/인력개발원수업/수업2-web/basic09-vcs (master)
$ git log -- oneline

eudpoll-std@DESKTOP-11VCUO5 MINGW64 /f/수업/인력개발원수업/수업2-web/basic09-vcs (master)
$ git status
On branch master
Your branch is up to date with 'origin/master'.

nothing to commit, working tree clean

eudpoll-std@DESKTOP-11VCUO5 MINGW64 /f/수업/인력개발원수업/수업2-web/basic09-vcs (master)
$ git commit
On branch master
Your branch is up to date with 'origin/master'.

nothing to commit, working tree clean

eudpoll-std@DESKTOP-11VCUO5 MINGW64 /f/수업/인력개발원수업/수업2-web/basic09-vcs (master)
$ git status
On branch master
Your branch is up to date with 'origin/master'.

nothing to commit, working tree clean

eudpoll-std@DESKTOP-11VCUO5 MINGW64 /f/수업/인력개발원수업/수업2-web/basic09-vcs (master)
$ git commit -m "회원가입 처리완료"
On branch master
Your branch is up to date with 'origin/master'.

nothing to commit, working tree clean

eudpoll-std@DESKTOP-11VCUO5 MINGW64 /f/수업/인력개발원수업/수업2-web/basic09-vcs (master)
$ git status
On branch master
Your branch is up to date with 'origin/master'.

nothing to commit, working tree clean

eudpoll-std@DESKTOP-11VCUO5 MINGW64 /f/수업/인력개발원수업/수업2-web/basic09-vcs (master)
$ git log --oneline
6fc714a (HEAD -> master, origin/master) 초기화

eudpoll-std@DESKTOP-11VCUO5 MINGW64 /f/수업/인력개발원수업/수업2-web/basic09-vcs (master)
$ git push
Everything up-to-date

eudpoll-std@DESKTOP-11VCUO5 MINGW64 /f/수업/인력개발원수업/수업2-web/basic09-vcs (master)
$ git remote
origin

eudpoll-std@DESKTOP-11VCUO5 MINGW64 /f/수업/인력개발원수업/수업2-web/basic09-vcs (master)
$ git remote -v
origin  https://github.com/jiny05/git-tutorial.git (fetch)
origin  https://github.com/jiny05/git-tutorial.git (push)

eudpoll-std@DESKTOP-11VCUO5 MINGW64 /f/수업/인력개발원수업/수업2-web/basic09-vcs (master)
$ git push origin master
Everything up-to-date

eudpoll-std@DESKTOP-11VCUO5 MINGW64 /f/수업/인력개발원수업/수업2-web/basic09-vcs (master)
$ git log --oneline
6fc714a (HEAD -> master, origin/master) 초기화

eudpoll-std@DESKTOP-11VCUO5 MINGW64 /f/수업/인력개발원수업/수업2-web/basic09-vcs (master)
$ ^C

eudpoll-std@DESKTOP-11VCUO5 MINGW64 /f/수업/인력개발원수업/수업2-web/basic09-vcs (master)
$ git log origin/master
commit 6fc714a46553b80b98e15406b8124bec344ed1b9 (HEAD -> master, origin/master)
Author: jiny05 <alice112411@gmail.com>
Date:   Mon Apr 3 13:18:28 2023 +0900

    초기화

eudpoll-std@DESKTOP-11VCUO5 MINGW64 /f/수업/인력개발원수업/수업2-web/basic09-vcs (master)
$ get log origin/master --oneline
bash: get: command not found

eudpoll-std@DESKTOP-11VCUO5 MINGW64 /f/수업/인력개발원수업/수업2-web/basic09-vcs (master)
$ git log --oneline
6fc714a (HEAD -> master, origin/master) 초기화

eudpoll-std@DESKTOP-11VCUO5 MINGW64 /f/수업/인력개발원수업/수업2-web/basic09-vcs (master)
$ git pull origin/master
fatal: 'origin/master' does not appear to be a git repository
fatal: Could not read from remote repository.

Please make sure you have the correct access rights
and the repository exists.

eudpoll-std@DESKTOP-11VCUO5 MINGW64 /f/수업/인력개발원수업/수업2-web/basic09-vcs (master)
$ git pull origin master
From https://github.com/jiny05/git-tutorial
 * branch            master     -> FETCH_HEAD
Already up to date.

eudpoll-std@DESKTOP-11VCUO5 MINGW64 /f/수업/인력개발원수업/수업2-web/basic09-vcs (master)
$ git log --oneline
6fc714a (HEAD -> master, origin/master) 초기화

eudpoll-std@DESKTOP-11VCUO5 MINGW64 /f/수업/인력개발원수업/수업2-web/basic09-vcs (master)
$ git add.
git: 'add.' is not a git command. See 'git --help'.

The most similar command is
        add

eudpoll-std@DESKTOP-11VCUO5 MINGW64 /f/수업/인력개발원수업/수업2-web/basic09-vcs (master)
$ git commit -m "회원 가입페이지 작업중"
On branch master
Untracked files:
  (use "git add <file>..." to include in what will be committed)
        src/main/webapp/flow/login-test.jsp
        src/main/webapp/flow/loin.jsp

nothing added to commit but untracked files present (use "git add" to track)

eudpoll-std@DESKTOP-11VCUO5 MINGW64 /f/수업/인력개발원수업/수업2-web/basic09-vcs (master)
$ git fatch
git: 'fatch' is not a git command. See 'git --help'.

The most similar command is
        fetch

eudpoll-std@DESKTOP-11VCUO5 MINGW64 /f/수업/인력개발원수업/수업2-web/basic09-vcs (master)
$ git log origin/master --oneline
83cd984 (origin/master) 회원가입 처리완료
f4cebd1 로그인뷰 완성
a21b9dd 로그인테스트
eb84f75 웰컴페이지 수정
12a77f4 초기설정 완료

eudpoll-std@DESKTOP-11VCUO5 MINGW64 /f/수업/인력개발원수업/수업2-web/basic09-vcs (master)
$ git log --oneline
8bcdf27 (HEAD -> master) 모임개설 작업중
83cd984 (origin/master) 회원가입 처리완료
f4cebd1 로그인뷰 완성
a21b9dd 로그인테스트
eb84f75 웰컴페이지 수정
12a77f4 초기설정 완료

eudpoll-std@DESKTOP-11VCUO5 MINGW64 /f/수업/인력개발원수업/수업2-web/basic09-vcs (master)
$ git commit -m "moim"
On branch master
Untracked files:
  (use "git add <file>..." to include in what will be committed)
        src/main/webapp/flow/login-test.jsp
        src/main/webapp/flow/loin.jsp

nothing added to commit but untracked files present (use "git add" to track)

eudpoll-std@DESKTOP-11VCUO5 MINGW64 /f/수업/인력개발원수업/수업2-web/basic09-vcs (master)
$ git commit -m "moim"
On branch master
Untracked files:
  (use "git add <file>..." to include in what will be committed)
        src/main/webapp/flow/login-test.jsp
        src/main/webapp/flow/loin.jsp

nothing added to commit but untracked files present (use "git add" to track)

eudpoll-std@DESKTOP-11VCUO5 MINGW64 /f/수업/인력개발원수업/수업2-web/basic09-vcs (master)
$ ^C

eudpoll-std@DESKTOP-11VCUO5 MINGW64 /f/수업/인력개발원수업/수업2-web/basic09-vcs (master)
$
